---
source: tests/help.rs
expression: result
---
                                                            
                                                            
                                                            
                                                            
                                                            
                                                            
                                                            
                                                            
               ╭Help────────────────────────╮               
               │  Up           navigate up  │               
               │  Down       navigate down  │               
               │  Enter        select item  │               
               ╰────────────────────────────╯
