---
source: tests/help.rs
expression: result
---
                                        
                                        
                                        
                                        
                                        
          ╭Help──────────────╮          
          ╰──────────────────╯
