---
source: tests/help.rs
expression: result
---
                                                       
                                                       
                                                       
                                                       
                                                       
                                                       
                                                       
              ╭Help─────────────────────╮              
              │       Global Help       │              
              │  q    quit application  │              
              │                         │              
              │  ?    toggle this help  │              
              │  Esc      close dialog  │              
              ╰─────────────────────────╯
