---
source: tests/issue_preview.rs
expression: result
---
                                        
                                        
                                        
                                        
                                        
                                        
                                        
                                        
                                        
                                        
                            ╭Issue Info╮
                            │Select an │
                            │issue to  │
                            │see       │
                            │details.  │
                            │          │
                            │          │
                            │          │
                            ╰──────────╯
