---
source: tests/issue_preview.rs
expression: result
---
                                        
                                        
                                        
                                        
                                        
                                        
                                        
                                        
                                        
                                        
                                        
                                        
                                        
                                        
                          ┌─────────────
                          │State: Open  
                          │Author:      
                          │devuser      
                          │]8;;https://github.com/owner/repo/pull/456\Open #456 ...]8;;\
