---
source: tests/issue_preview.rs
expression: result
---
                                        
                                        
                                        
                                        
                                        
                                        
                                        
                                        
                                        
                                        
                            ╭Issue Info╮
                            │Type:     │
                            │Issue     │
                            │State:    │
                            │Open      │
                            │Author:   │
                            │teamlead  │
                            │Created:  │
                            ╰──────────╯
