---
source: tests/issue_preview.rs
expression: result
---
                                        
                                        
                                        
                                        
                                        
                                        
                                        
                                        
                                        
                                        
                                        
                                        
                                        
                                        
                          ┌─────────────
                          │State: Closed
                          │Author:      
                          │janedoe      
                          │Created:
