---
source: tests/issue_preview.rs
expression: result
---
                                        
                                        
                                        
                                        
                                        
                                        
                                        
                                        
                                        
                                        
                                        
                                        
                                        
                                        
                          ┌─────────────
                          │Select an    
                          │issue to see 
                          │details.     
                          │
