---
source: tests/issue_preview.rs
expression: result
---
                                        
                                        
                                        
                                        
                                        
                                        
                                        
                                        
                                        
                                        
                                        
                                        
                                        
                                        
                          ┌─────────────
                          │State: Open  
                          │Author:      
                          │johndoe      
                          │Created:
