---
source: tests/markdown_checklists.rs
expression: result
---
╭[0] Title─────────────────────────────────╮
│                                          │
╰──────────────────────────────────────────╯
╭Labels (comma-separated)──────────────────╮
│                                          │
╰──────────────────────────────────────────╯
╭Assignees (comma-separated)───────────────╮
│                                          │
╰──────────────────────────────────────────╯
Preview (Ctrl+P: Edit | Ctrl+Enter: Create)─
   Tasks                                    
   [ ] write docs                           
   [x] add tests                            
   • plain bullet
