---
source: tests/text_search.rs
expression: result
---
                                                                                
╭[0] Search────────────────────────────────────────────╮                        
│                                                      │                        
╰──────────────────────────────────────────────────────╯                        
╭Search Labels────────────────────────╮╭───────────────╮                        
│priority:high                        ││             ▼ │                        
╰─────────────────────────────────────╯╰───────────────╯
